6
11718
144067
1441548
100000
50000
1920800
73049
7200
20
11745000
18000
300
35
20
12
287514
2880404
86400
5
60
71763
719384
30
